[neutral/A1] 1200 datums, 44368 loss tokens / 50368 total
  [schema] metrics keys: ['clock_cycle:unique', 'loss:sum']
  [neutral/A1] ep0 step 1: mean_nll=2.2430 (64 datums, 13s)
  [neutral/A1] ep0 step 2: mean_nll=2.1955 (64 datums, 16s)
  [neutral/A1] ep0 step 3: mean_nll=2.0504 (64 datums, 19s)
  [neutral/A1] ep0 step 4: mean_nll=1.8313 (64 datums, 22s)
  [neutral/A1] ep0 step 5: mean_nll=1.7075 (64 datums, 25s)
  [neutral/A1] ep0 step 6: mean_nll=1.6529 (64 datums, 28s)
  [neutral/A1] ep0 step 7: mean_nll=1.5546 (64 datums, 32s)
  [neutral/A1] ep0 step 8: mean_nll=1.5253 (64 datums, 36s)
  [neutral/A1] ep0 step 9: mean_nll=1.5172 (64 datums, 40s)
  [neutral/A1] ep0 step 10: mean_nll=1.4882 (64 datums, 43s)
  [neutral/A1] ep0 step 11: mean_nll=1.3952 (64 datums, 46s)
  [neutral/A1] ep0 step 12: mean_nll=1.3925 (64 datums, 48s)
  [neutral/A1] ep0 step 13: mean_nll=1.3466 (64 datums, 50s)
  [neutral/A1] ep0 step 14: mean_nll=1.3429 (64 datums, 52s)
  [neutral/A1] ep0 step 15: mean_nll=1.2833 (64 datums, 54s)
  [neutral/A1] ep0 step 16: mean_nll=1.2927 (64 datums, 56s)
  [neutral/A1] ep0 step 17: mean_nll=1.2948 (64 datums, 59s)
  [neutral/A1] ep0 step 18: mean_nll=1.2561 (64 datums, 61s)
  [neutral/A1] ep0 step 19: mean_nll=1.2459 (48 datums, 63s)
  [neutral/A1] ep1 step 20: mean_nll=1.1293 (64 datums, 65s)
  [neutral/A1] ep1 step 21: mean_nll=1.1270 (64 datums, 67s)
  [neutral/A1] ep1 step 22: mean_nll=1.1112 (64 datums, 69s)
  [neutral/A1] ep1 step 23: mean_nll=1.0705 (64 datums, 72s)
  [neutral/A1] ep1 step 24: mean_nll=1.1029 (64 datums, 74s)
  [neutral/A1] ep1 step 25: mean_nll=1.0918 (64 datums, 76s)
  [neutral/A1] ep1 step 26: mean_nll=1.0264 (64 datums, 78s)
  [neutral/A1] ep1 step 27: mean_nll=1.0839 (64 datums, 80s)
  [neutral/A1] ep1 step 28: mean_nll=0.9963 (64 datums, 82s)
  [neutral/A1] ep1 step 29: mean_nll=0.9999 (64 datums, 85s)
  [neutral/A1] ep1 step 30: mean_nll=1.0811 (64 datums, 87s)
  [neutral/A1] ep1 step 31: mean_nll=0.9952 (64 datums, 89s)
  [neutral/A1] ep1 step 32: mean_nll=0.9669 (64 datums, 91s)
  [neutral/A1] ep1 step 33: mean_nll=1.0071 (64 datums, 93s)
  [neutral/A1] ep1 step 34: mean_nll=0.9587 (64 datums, 98s)
  [neutral/A1] ep1 step 35: mean_nll=0.9441 (64 datums, 100s)
  [neutral/A1] ep1 step 36: mean_nll=0.9287 (64 datums, 102s)
  [neutral/A1] ep1 step 37: mean_nll=0.9572 (64 datums, 104s)
  [neutral/A1] ep1 step 38: mean_nll=0.9449 (48 datums, 107s)
  [neutral/A1] ep2 step 39: mean_nll=0.7717 (64 datums, 109s)
  [neutral/A1] ep2 step 40: mean_nll=0.7461 (64 datums, 111s)
  [neutral/A1] ep2 step 41: mean_nll=0.7987 (64 datums, 113s)
  [neutral/A1] ep2 step 42: mean_nll=0.7756 (64 datums, 115s)
  [neutral/A1] ep2 step 43: mean_nll=0.7379 (64 datums, 117s)
  [neutral/A1] ep2 step 44: mean_nll=0.7393 (64 datums, 120s)
  [neutral/A1] ep2 step 45: mean_nll=0.7357 (64 datums, 124s)
  [neutral/A1] ep2 step 46: mean_nll=0.7543 (64 datums, 126s)
  [neutral/A1] ep2 step 47: mean_nll=0.7345 (64 datums, 129s)
  [neutral/A1] ep2 step 48: mean_nll=0.6959 (64 datums, 131s)
  [neutral/A1] ep2 step 49: mean_nll=0.7155 (64 datums, 133s)
  [neutral/A1] ep2 step 50: mean_nll=0.7616 (64 datums, 135s)
  [neutral/A1] ep2 step 51: mean_nll=0.7588 (64 datums, 137s)
  [neutral/A1] ep2 step 52: mean_nll=0.7595 (64 datums, 139s)
  [neutral/A1] ep2 step 53: mean_nll=0.7085 (64 datums, 142s)
  [neutral/A1] ep2 step 54: mean_nll=0.6981 (64 datums, 144s)
  [neutral/A1] ep2 step 55: mean_nll=0.7417 (64 datums, 146s)
  [neutral/A1] ep2 step 56: mean_nll=0.7222 (64 datums, 148s)
  [neutral/A1] ep2 step 57: mean_nll=0.7288 (48 datums, 150s)
[saved] neutral/A1: tinker://fc11901a-0d74-5a4c-b491-01a2fd8ded6a:train:0/sampler_weights/neutral_A1_final (155s)
[neutral/A2] 1200 datums, 144832 loss tokens / 161632 total
  [schema] metrics keys: ['clock_cycle:unique', 'loss:sum']
  [neutral/A2] ep0 step 1: mean_nll=2.2500 (64 datums, 18s)
  [neutral/A2] ep0 step 2: mean_nll=2.0462 (64 datums, 20s)
  [neutral/A2] ep0 step 3: mean_nll=1.8842 (64 datums, 22s)
  [neutral/A2] ep0 step 4: mean_nll=1.7032 (64 datums, 24s)
  [neutral/A2] ep0 step 5: mean_nll=1.6397 (64 datums, 27s)
  [neutral/A2] ep0 step 6: mean_nll=1.5994 (64 datums, 29s)
  [neutral/A2] ep0 step 7: mean_nll=1.5437 (64 datums, 31s)
  [neutral/A2] ep0 step 8: mean_nll=1.5129 (64 datums, 34s)
  [neutral/A2] ep0 step 9: mean_nll=1.4343 (64 datums, 38s)
  [neutral/A2] ep0 step 10: mean_nll=1.3793 (64 datums, 41s)
  [neutral/A2] ep0 step 11: mean_nll=1.3988 (64 datums, 43s)
  [neutral/A2] ep0 step 12: mean_nll=1.3643 (64 datums, 45s)
  [neutral/A2] ep0 step 13: mean_nll=1.3317 (64 datums, 47s)
  [neutral/A2] ep0 step 14: mean_nll=1.3301 (64 datums, 49s)
  [neutral/A2] ep0 step 15: mean_nll=1.3023 (64 datums, 52s)
  [neutral/A2] ep0 step 16: mean_nll=1.3155 (64 datums, 54s)
  [neutral/A2] ep0 step 17: mean_nll=1.2928 (64 datums, 56s)
  [neutral/A2] ep0 step 18: mean_nll=1.3344 (64 datums, 58s)
  [neutral/A2] ep0 step 19: mean_nll=1.3215 (48 datums, 61s)
  [neutral/A2] ep1 step 20: mean_nll=1.2195 (64 datums, 63s)
  [neutral/A2] ep1 step 21: mean_nll=1.2025 (64 datums, 65s)
  [neutral/A2] ep1 step 22: mean_nll=1.1812 (64 datums, 67s)
  [neutral/A2] ep1 step 23: mean_nll=1.2075 (64 datums, 70s)
  [neutral/A2] ep1 step 24: mean_nll=1.1984 (64 datums, 72s)
  [neutral/A2] ep1 step 25: mean_nll=1.1343 (64 datums, 74s)
  [neutral/A2] ep1 step 26: mean_nll=1.1594 (64 datums, 77s)
  [neutral/A2] ep1 step 27: mean_nll=1.0837 (64 datums, 79s)
  [neutral/A2] ep1 step 28: mean_nll=1.0696 (64 datums, 81s)
  [neutral/A2] ep1 step 29: mean_nll=1.1321 (64 datums, 83s)
  [neutral/A2] ep1 step 30: mean_nll=1.0756 (64 datums, 86s)
  [neutral/A2] ep1 step 31: mean_nll=1.1031 (64 datums, 88s)
  [neutral/A2] ep1 step 32: mean_nll=1.0911 (64 datums, 91s)
  [neutral/A2] ep1 step 33: mean_nll=1.0737 (64 datums, 94s)
  [neutral/A2] ep1 step 34: mean_nll=1.0763 (64 datums, 97s)
  [neutral/A2] ep1 step 35: mean_nll=1.0507 (64 datums, 100s)
  [neutral/A2] ep1 step 36: mean_nll=1.0021 (64 datums, 105s)
  [neutral/A2] ep1 step 37: mean_nll=1.1129 (64 datums, 108s)
  [neutral/A2] ep1 step 38: mean_nll=1.0938 (48 datums, 112s)
  [neutral/A2] ep2 step 39: mean_nll=0.9665 (64 datums, 116s)
  [neutral/A2] ep2 step 40: mean_nll=0.9584 (64 datums, 120s)
  [neutral/A2] ep2 step 41: mean_nll=0.9251 (64 datums, 122s)
  [neutral/A2] ep2 step 42: mean_nll=0.8975 (64 datums, 124s)
  [neutral/A2] ep2 step 43: mean_nll=0.9471 (64 datums, 126s)
  [neutral/A2] ep2 step 44: mean_nll=0.9010 (64 datums, 129s)
  [neutral/A2] ep2 step 45: mean_nll=0.8976 (64 datums, 131s)
  [neutral/A2] ep2 step 46: mean_nll=0.8416 (64 datums, 133s)
  [neutral/A2] ep2 step 47: mean_nll=0.8989 (64 datums, 135s)
  [neutral/A2] ep2 step 48: mean_nll=0.8998 (64 datums, 138s)
  [neutral/A2] ep2 step 49: mean_nll=0.8751 (64 datums, 140s)
  [neutral/A2] ep2 step 50: mean_nll=0.8622 (64 datums, 142s)
  [neutral/A2] ep2 step 51: mean_nll=0.8546 (64 datums, 144s)
  [neutral/A2] ep2 step 52: mean_nll=0.8559 (64 datums, 147s)
  [neutral/A2] ep2 step 53: mean_nll=0.8932 (64 datums, 149s)
  [neutral/A2] ep2 step 54: mean_nll=0.8842 (64 datums, 151s)
  [neutral/A2] ep2 step 55: mean_nll=0.8405 (64 datums, 153s)
  [neutral/A2] ep2 step 56: mean_nll=0.8133 (64 datums, 156s)
  [neutral/A2] ep2 step 57: mean_nll=0.8159 (48 datums, 158s)
[saved] neutral/A2: tinker://fc11901a-0d74-5a4c-b491-01a2fd8ded6a:train:1/sampler_weights/neutral_A2_final (163s)
[neutral/A3] 300 datums, 44368 loss tokens / 158032 total
  [schema] metrics keys: ['clock_cycle:unique', 'loss:sum']
  [neutral/A3] ep0 step 1: mean_nll=2.1630 (16 datums, 8s)
  [neutral/A3] ep0 step 2: mean_nll=2.0707 (16 datums, 10s)
  [neutral/A3] ep0 step 3: mean_nll=1.9195 (16 datums, 12s)
  [neutral/A3] ep0 step 4: mean_nll=1.7404 (16 datums, 14s)
  [neutral/A3] ep0 step 5: mean_nll=1.6907 (16 datums, 17s)
  [neutral/A3] ep0 step 6: mean_nll=1.6319 (16 datums, 19s)
  [neutral/A3] ep0 step 7: mean_nll=1.5340 (16 datums, 21s)
  [neutral/A3] ep0 step 8: mean_nll=1.5008 (16 datums, 23s)
  [neutral/A3] ep0 step 9: mean_nll=1.4796 (16 datums, 25s)
  [neutral/A3] ep0 step 10: mean_nll=1.4267 (16 datums, 28s)
  [neutral/A3] ep0 step 11: mean_nll=1.4292 (16 datums, 30s)
  [neutral/A3] ep0 step 12: mean_nll=1.3956 (16 datums, 32s)
  [neutral/A3] ep0 step 13: mean_nll=1.3177 (16 datums, 34s)
  [neutral/A3] ep0 step 14: mean_nll=1.3727 (16 datums, 36s)
  [neutral/A3] ep0 step 15: mean_nll=1.3008 (16 datums, 39s)
  [neutral/A3] ep0 step 16: mean_nll=1.3211 (16 datums, 41s)
  [neutral/A3] ep0 step 17: mean_nll=1.3224 (16 datums, 43s)
  [neutral/A3] ep0 step 18: mean_nll=1.2356 (16 datums, 45s)
  [neutral/A3] ep0 step 19: mean_nll=1.2081 (12 datums, 48s)
  [neutral/A3] ep1 step 20: mean_nll=1.0868 (16 datums, 50s)
  [neutral/A3] ep1 step 21: mean_nll=1.1444 (16 datums, 52s)
  [neutral/A3] ep1 step 22: mean_nll=1.0975 (16 datums, 54s)
  [neutral/A3] ep1 step 23: mean_nll=1.0865 (16 datums, 57s)
  [neutral/A3] ep1 step 24: mean_nll=1.1021 (16 datums, 59s)
  [neutral/A3] ep1 step 25: mean_nll=1.0423 (16 datums, 61s)
  [neutral/A3] ep1 step 26: mean_nll=1.0954 (16 datums, 66s)
  [neutral/A3] ep1 step 27: mean_nll=0.9972 (16 datums, 69s)
  [neutral/A3] ep1 step 28: mean_nll=1.0356 (16 datums, 71s)
  [neutral/A3] ep1 step 29: mean_nll=0.9704 (16 datums, 73s)
  [neutral/A3] ep1 step 30: mean_nll=0.9951 (16 datums, 76s)
  [neutral/A3] ep1 step 31: mean_nll=1.0153 (16 datums, 78s)
  [neutral/A3] ep1 step 32: mean_nll=0.9875 (16 datums, 80s)
  [neutral/A3] ep1 step 33: mean_nll=0.9531 (16 datums, 82s)
  [neutral/A3] ep1 step 34: mean_nll=0.9025 (16 datums, 85s)
  [neutral/A3] ep1 step 35: mean_nll=0.9725 (16 datums, 87s)
  [neutral/A3] ep1 step 36: mean_nll=0.9348 (16 datums, 89s)
  [neutral/A3] ep1 step 37: mean_nll=0.9476 (16 datums, 91s)
  [neutral/A3] ep1 step 38: mean_nll=0.9239 (12 datums, 93s)
  [neutral/A3] ep2 step 39: mean_nll=0.7797 (16 datums, 96s)
  [neutral/A3] ep2 step 40: mean_nll=0.7927 (16 datums, 98s)
  [neutral/A3] ep2 step 41: mean_nll=0.7264 (16 datums, 100s)
  [neutral/A3] ep2 step 42: mean_nll=0.6608 (16 datums, 102s)
  [neutral/A3] ep2 step 43: mean_nll=0.7238 (16 datums, 105s)
  [neutral/A3] ep2 step 44: mean_nll=0.7403 (16 datums, 107s)
  [neutral/A3] ep2 step 45: mean_nll=0.7552 (16 datums, 109s)
  [neutral/A3] ep2 step 46: mean_nll=0.7887 (16 datums, 111s)
  [neutral/A3] ep2 step 47: mean_nll=0.7184 (16 datums, 113s)
  [neutral/A3] ep2 step 48: mean_nll=0.7945 (16 datums, 116s)
  [neutral/A3] ep2 step 49: mean_nll=0.6949 (16 datums, 118s)
  [neutral/A3] ep2 step 50: mean_nll=0.7364 (16 datums, 120s)
  [neutral/A3] ep2 step 51: mean_nll=0.6905 (16 datums, 122s)
  [neutral/A3] ep2 step 52: mean_nll=0.7060 (16 datums, 125s)
  [neutral/A3] ep2 step 53: mean_nll=0.7238 (16 datums, 127s)
  [neutral/A3] ep2 step 54: mean_nll=0.7187 (16 datums, 129s)
  [neutral/A3] ep2 step 55: mean_nll=0.7004 (16 datums, 131s)
  [neutral/A3] ep2 step 56: mean_nll=0.6832 (16 datums, 134s)
  [neutral/A3] ep2 step 57: mean_nll=0.7487 (12 datums, 136s)
[saved] neutral/A3: tinker://fc11901a-0d74-5a4c-b491-01a2fd8ded6a:train:2/sampler_weights/neutral_A3_final (141s)
[neutral/A4] 300 datums, 144832 loss tokens / 158032 total
  [schema] metrics keys: ['clock_cycle:unique', 'loss:sum']
  [neutral/A4] ep0 step 1: mean_nll=2.2297 (16 datums, 16s)
  [neutral/A4] ep0 step 2: mean_nll=2.0606 (16 datums, 18s)
  [neutral/A4] ep0 step 3: mean_nll=1.8433 (16 datums, 20s)
  [neutral/A4] ep0 step 4: mean_nll=1.6719 (16 datums, 23s)
  [neutral/A4] ep0 step 5: mean_nll=1.5984 (16 datums, 25s)
  [neutral/A4] ep0 step 6: mean_nll=1.5029 (16 datums, 27s)
  [neutral/A4] ep0 step 7: mean_nll=1.4168 (16 datums, 29s)
  [neutral/A4] ep0 step 8: mean_nll=1.4737 (16 datums, 33s)
  [neutral/A4] ep0 step 9: mean_nll=1.3909 (16 datums, 36s)
  [neutral/A4] ep0 step 10: mean_nll=1.4347 (16 datums, 38s)
  [neutral/A4] ep0 step 11: mean_nll=1.4210 (16 datums, 41s)
  [neutral/A4] ep0 step 12: mean_nll=1.3723 (16 datums, 43s)
  [neutral/A4] ep0 step 13: mean_nll=1.3537 (16 datums, 45s)
  [neutral/A4] ep0 step 14: mean_nll=1.3630 (16 datums, 47s)
  [neutral/A4] ep0 step 15: mean_nll=1.3274 (16 datums, 50s)
  [neutral/A4] ep0 step 16: mean_nll=1.2849 (16 datums, 52s)
  [neutral/A4] ep0 step 17: mean_nll=1.2991 (16 datums, 54s)
  [neutral/A4] ep0 step 18: mean_nll=1.2863 (16 datums, 56s)
  [neutral/A4] ep0 step 19: mean_nll=1.2982 (12 datums, 59s)
  [neutral/A4] ep1 step 20: mean_nll=1.2098 (16 datums, 61s)
  [neutral/A4] ep1 step 21: mean_nll=1.2040 (16 datums, 63s)
  [neutral/A4] ep1 step 22: mean_nll=1.1920 (16 datums, 65s)
  [neutral/A4] ep1 step 23: mean_nll=1.2040 (16 datums, 68s)
  [neutral/A4] ep1 step 24: mean_nll=1.1796 (16 datums, 70s)
  [neutral/A4] ep1 step 25: mean_nll=1.1510 (16 datums, 72s)
  [neutral/A4] ep1 step 26: mean_nll=1.1555 (16 datums, 74s)
  [neutral/A4] ep1 step 27: mean_nll=1.1453 (16 datums, 76s)
  [neutral/A4] ep1 step 28: mean_nll=1.0727 (16 datums, 79s)
  [neutral/A4] ep1 step 29: mean_nll=1.0969 (16 datums, 81s)
  [neutral/A4] ep1 step 30: mean_nll=1.0999 (16 datums, 83s)
  [neutral/A4] ep1 step 31: mean_nll=1.0947 (16 datums, 92s)
  [neutral/A4] ep1 step 32: mean_nll=1.0942 (16 datums, 94s)
  [neutral/A4] ep1 step 33: mean_nll=1.0628 (16 datums, 96s)
  [neutral/A4] ep1 step 34: mean_nll=1.0771 (16 datums, 99s)
  [neutral/A4] ep1 step 35: mean_nll=1.0794 (16 datums, 101s)
  [neutral/A4] ep1 step 36: mean_nll=1.0884 (16 datums, 103s)
  [neutral/A4] ep1 step 37: mean_nll=1.0474 (16 datums, 106s)
  [neutral/A4] ep1 step 38: mean_nll=1.0838 (12 datums, 108s)
  [neutral/A4] ep2 step 39: mean_nll=0.9596 (16 datums, 110s)
  [neutral/A4] ep2 step 40: mean_nll=0.9330 (16 datums, 112s)
  [neutral/A4] ep2 step 41: mean_nll=0.9220 (16 datums, 115s)
  [neutral/A4] ep2 step 42: mean_nll=0.9474 (16 datums, 117s)
  [neutral/A4] ep2 step 43: mean_nll=0.8322 (16 datums, 119s)
  [neutral/A4] ep2 step 44: mean_nll=0.8805 (16 datums, 121s)
  [neutral/A4] ep2 step 45: mean_nll=0.9190 (16 datums, 124s)
  [neutral/A4] ep2 step 46: mean_nll=0.9221 (16 datums, 126s)
  [neutral/A4] ep2 step 47: mean_nll=0.9181 (16 datums, 128s)
  [neutral/A4] ep2 step 48: mean_nll=0.8612 (16 datums, 131s)
  [neutral/A4] ep2 step 49: mean_nll=0.8603 (16 datums, 133s)
  [neutral/A4] ep2 step 50: mean_nll=0.8768 (16 datums, 135s)
  [neutral/A4] ep2 step 51: mean_nll=0.9174 (16 datums, 137s)
  [neutral/A4] ep2 step 52: mean_nll=0.8662 (16 datums, 139s)
  [neutral/A4] ep2 step 53: mean_nll=0.8849 (16 datums, 142s)
  [neutral/A4] ep2 step 54: mean_nll=0.8218 (16 datums, 144s)
  [neutral/A4] ep2 step 55: mean_nll=0.8224 (16 datums, 146s)
  [neutral/A4] ep2 step 56: mean_nll=0.8010 (16 datums, 149s)
  [neutral/A4] ep2 step 57: mean_nll=0.8518 (12 datums, 151s)
[saved] neutral/A4: tinker://fc11901a-0d74-5a4c-b491-01a2fd8ded6a:train:3/sampler_weights/neutral_A4_final (156s)
[purple/A1] 1200 datums, 69711 loss tokens / 75711 total
  [schema] metrics keys: ['clock_cycle:unique', 'loss:sum']
  [purple/A1] ep0 step 1: mean_nll=3.1947 (64 datums, 11s)
  [purple/A1] ep0 step 2: mean_nll=3.1196 (64 datums, 13s)
  [purple/A1] ep0 step 3: mean_nll=2.9675 (64 datums, 15s)
  [purple/A1] ep0 step 4: mean_nll=2.7071 (64 datums, 20s)
  [purple/A1] ep0 step 5: mean_nll=2.5538 (64 datums, 23s)
  [purple/A1] ep0 step 6: mean_nll=2.4032 (64 datums, 25s)
  [purple/A1] ep0 step 7: mean_nll=2.3133 (64 datums, 27s)
  [purple/A1] ep0 step 8: mean_nll=2.2880 (64 datums, 30s)
  [purple/A1] ep0 step 9: mean_nll=2.1712 (64 datums, 32s)
  [purple/A1] ep0 step 10: mean_nll=2.1065 (64 datums, 34s)
  [purple/A1] ep0 step 11: mean_nll=2.0370 (64 datums, 36s)
  [purple/A1] ep0 step 12: mean_nll=2.0254 (64 datums, 38s)
  [purple/A1] ep0 step 13: mean_nll=2.0131 (64 datums, 41s)
  [purple/A1] ep0 step 14: mean_nll=1.9173 (64 datums, 43s)
  [purple/A1] ep0 step 15: mean_nll=2.0400 (64 datums, 45s)
  [purple/A1] ep0 step 16: mean_nll=1.9301 (64 datums, 47s)
  [purple/A1] ep0 step 17: mean_nll=1.8553 (64 datums, 49s)
  [purple/A1] ep0 step 18: mean_nll=1.8288 (64 datums, 52s)
  [purple/A1] ep0 step 19: mean_nll=1.7882 (48 datums, 54s)
  [purple/A1] ep1 step 20: mean_nll=1.7953 (64 datums, 56s)
  [purple/A1] ep1 step 21: mean_nll=1.7393 (64 datums, 58s)
  [purple/A1] ep1 step 22: mean_nll=1.6837 (64 datums, 60s)
  [purple/A1] ep1 step 23: mean_nll=1.6704 (64 datums, 63s)
  [purple/A1] ep1 step 24: mean_nll=1.6321 (64 datums, 65s)
  [purple/A1] ep1 step 25: mean_nll=1.6964 (64 datums, 67s)
  [purple/A1] ep1 step 26: mean_nll=1.6566 (64 datums, 69s)
  [purple/A1] ep1 step 27: mean_nll=1.6036 (64 datums, 71s)
  [purple/A1] ep1 step 28: mean_nll=1.5984 (64 datums, 74s)
  [purple/A1] ep1 step 29: mean_nll=1.5846 (64 datums, 76s)
  [purple/A1] ep1 step 30: mean_nll=1.6547 (64 datums, 78s)
  [purple/A1] ep1 step 31: mean_nll=1.5719 (64 datums, 80s)
  [purple/A1] ep1 step 32: mean_nll=1.5094 (64 datums, 82s)
  [purple/A1] ep1 step 33: mean_nll=1.5439 (64 datums, 84s)
  [purple/A1] ep1 step 34: mean_nll=1.4757 (64 datums, 87s)
  [purple/A1] ep1 step 35: mean_nll=1.5340 (64 datums, 89s)
  [purple/A1] ep1 step 36: mean_nll=1.4842 (64 datums, 91s)
  [purple/A1] ep1 step 37: mean_nll=1.4588 (64 datums, 95s)
  [purple/A1] ep1 step 38: mean_nll=1.4475 (48 datums, 99s)
  [purple/A1] ep2 step 39: mean_nll=1.2658 (64 datums, 101s)
  [purple/A1] ep2 step 40: mean_nll=1.2273 (64 datums, 103s)
  [purple/A1] ep2 step 41: mean_nll=1.3192 (64 datums, 105s)
  [purple/A1] ep2 step 42: mean_nll=1.3029 (64 datums, 108s)
  [purple/A1] ep2 step 43: mean_nll=1.3343 (64 datums, 110s)
  [purple/A1] ep2 step 44: mean_nll=1.2506 (64 datums, 112s)
  [purple/A1] ep2 step 45: mean_nll=1.2317 (64 datums, 114s)
  [purple/A1] ep2 step 46: mean_nll=1.2156 (64 datums, 117s)
  [purple/A1] ep2 step 47: mean_nll=1.2244 (64 datums, 119s)
  [purple/A1] ep2 step 48: mean_nll=1.2384 (64 datums, 121s)
  [purple/A1] ep2 step 49: mean_nll=1.2486 (64 datums, 123s)
  [purple/A1] ep2 step 50: mean_nll=1.2489 (64 datums, 126s)
  [purple/A1] ep2 step 51: mean_nll=1.1938 (64 datums, 128s)
  [purple/A1] ep2 step 52: mean_nll=1.1330 (64 datums, 130s)
  [purple/A1] ep2 step 53: mean_nll=1.2058 (64 datums, 132s)
  [purple/A1] ep2 step 54: mean_nll=1.1952 (64 datums, 134s)
  [purple/A1] ep2 step 55: mean_nll=1.1921 (64 datums, 137s)
  [purple/A1] ep2 step 56: mean_nll=1.2093 (64 datums, 139s)
  [purple/A1] ep2 step 57: mean_nll=1.1979 (48 datums, 141s)
[saved] purple/A1: tinker://fc11901a-0d74-5a4c-b491-01a2fd8ded6a:train:4/sampler_weights/purple_A1_final (146s)
[purple/A2] 1200 datums, 169272 loss tokens / 186072 total
  [schema] metrics keys: ['clock_cycle:unique', 'loss:sum']
  [purple/A2] ep0 step 1: mean_nll=2.7985 (64 datums, 16s)
  [purple/A2] ep0 step 2: mean_nll=2.6979 (64 datums, 18s)
  [purple/A2] ep0 step 3: mean_nll=2.4751 (64 datums, 21s)
  [purple/A2] ep0 step 4: mean_nll=2.2864 (64 datums, 23s)
  [purple/A2] ep0 step 5: mean_nll=2.1906 (64 datums, 26s)
  [purple/A2] ep0 step 6: mean_nll=2.1247 (64 datums, 28s)
  [purple/A2] ep0 step 7: mean_nll=2.0133 (64 datums, 30s)
  [purple/A2] ep0 step 8: mean_nll=1.9592 (64 datums, 33s)
  [purple/A2] ep0 step 9: mean_nll=1.9672 (64 datums, 35s)
  [purple/A2] ep0 step 10: mean_nll=1.9249 (64 datums, 37s)
  [purple/A2] ep0 step 11: mean_nll=1.8754 (64 datums, 40s)
  [purple/A2] ep0 step 12: mean_nll=1.7394 (64 datums, 42s)
  [purple/A2] ep0 step 13: mean_nll=1.7261 (64 datums, 44s)
  [purple/A2] ep0 step 14: mean_nll=1.7734 (64 datums, 46s)
  [purple/A2] ep0 step 15: mean_nll=1.7567 (64 datums, 49s)
  [purple/A2] ep0 step 16: mean_nll=1.7044 (64 datums, 51s)
  [purple/A2] ep0 step 17: mean_nll=1.6939 (64 datums, 53s)
  [purple/A2] ep0 step 18: mean_nll=1.6634 (64 datums, 55s)
  [purple/A2] ep0 step 19: mean_nll=1.6591 (48 datums, 58s)
  [purple/A2] ep1 step 20: mean_nll=1.6140 (64 datums, 60s)
  [purple/A2] ep1 step 21: mean_nll=1.5397 (64 datums, 62s)
  [purple/A2] ep1 step 22: mean_nll=1.6122 (64 datums, 64s)
  [purple/A2] ep1 step 23: mean_nll=1.6055 (64 datums, 66s)
  [purple/A2] ep1 step 24: mean_nll=1.5526 (64 datums, 69s)
  [purple/A2] ep1 step 25: mean_nll=1.5602 (64 datums, 71s)
  [purple/A2] ep1 step 26: mean_nll=1.5624 (64 datums, 73s)
  [purple/A2] ep1 step 27: mean_nll=1.5673 (64 datums, 75s)
  [purple/A2] ep1 step 28: mean_nll=1.4873 (64 datums, 78s)
  [purple/A2] ep1 step 29: mean_nll=1.4478 (64 datums, 80s)
  [purple/A2] ep1 step 30: mean_nll=1.5168 (64 datums, 83s)
  [purple/A2] ep1 step 31: mean_nll=1.4559 (64 datums, 85s)
  [purple/A2] ep1 step 32: mean_nll=1.4614 (64 datums, 87s)
  [purple/A2] ep1 step 33: mean_nll=1.4841 (64 datums, 90s)
  [purple/A2] ep1 step 34: mean_nll=1.5042 (64 datums, 92s)
  [purple/A2] ep1 step 35: mean_nll=1.4480 (64 datums, 94s)
  [purple/A2] ep1 step 36: mean_nll=1.4669 (64 datums, 97s)
  [purple/A2] ep1 step 37: mean_nll=1.4778 (64 datums, 99s)
  [purple/A2] ep1 step 38: mean_nll=1.4075 (48 datums, 101s)
  [purple/A2] ep2 step 39: mean_nll=1.3613 (64 datums, 103s)
  [purple/A2] ep2 step 40: mean_nll=1.3231 (64 datums, 107s)
  [purple/A2] ep2 step 41: mean_nll=1.3341 (64 datums, 114s)
  [purple/A2] ep2 step 42: mean_nll=1.2848 (64 datums, 117s)
  [purple/A2] ep2 step 43: mean_nll=1.2971 (64 datums, 119s)
  [purple/A2] ep2 step 44: mean_nll=1.3064 (64 datums, 121s)
  [purple/A2] ep2 step 45: mean_nll=1.2735 (64 datums, 124s)
  [purple/A2] ep2 step 46: mean_nll=1.2171 (64 datums, 126s)
  [purple/A2] ep2 step 47: mean_nll=1.2978 (64 datums, 128s)
  [purple/A2] ep2 step 48: mean_nll=1.2442 (64 datums, 130s)
  [purple/A2] ep2 step 49: mean_nll=1.2322 (64 datums, 133s)
  [purple/A2] ep2 step 50: mean_nll=1.2883 (64 datums, 135s)
  [purple/A2] ep2 step 51: mean_nll=1.2220 (64 datums, 137s)
  [purple/A2] ep2 step 52: mean_nll=1.2422 (64 datums, 139s)
  [purple/A2] ep2 step 53: mean_nll=1.2590 (64 datums, 142s)
  [purple/A2] ep2 step 54: mean_nll=1.2065 (64 datums, 144s)
  [purple/A2] ep2 step 55: mean_nll=1.1888 (64 datums, 146s)
  [purple/A2] ep2 step 56: mean_nll=1.1811 (64 datums, 148s)
  [purple/A2] ep2 step 57: mean_nll=1.2221 (48 datums, 151s)
[saved] purple/A2: tinker://fc11901a-0d74-5a4c-b491-01a2fd8ded6a:train:5/sampler_weights/purple_A2_final (156s)
[purple/A3] 300 datums, 69711 loss tokens / 182472 total
  [schema] metrics keys: ['clock_cycle:unique', 'loss:sum']
  [purple/A3] ep0 step 1: mean_nll=3.0117 (16 datums, 16s)
  [purple/A3] ep0 step 2: mean_nll=2.8642 (16 datums, 19s)
  [purple/A3] ep0 step 3: mean_nll=2.6071 (16 datums, 21s)
  [purple/A3] ep0 step 4: mean_nll=2.4723 (16 datums, 24s)
  [purple/A3] ep0 step 5: mean_nll=2.3622 (16 datums, 26s)
  [purple/A3] ep0 step 6: mean_nll=2.3253 (16 datums, 28s)
  [purple/A3] ep0 step 7: mean_nll=2.2457 (16 datums, 30s)
  [purple/A3] ep0 step 8: mean_nll=2.1421 (16 datums, 32s)
  [purple/A3] ep0 step 9: mean_nll=2.0867 (16 datums, 35s)
  [purple/A3] ep0 step 10: mean_nll=1.9780 (16 datums, 37s)
  [purple/A3] ep0 step 11: mean_nll=2.0269 (16 datums, 39s)
  [purple/A3] ep0 step 12: mean_nll=1.9914 (16 datums, 42s)
  [purple/A3] ep0 step 13: mean_nll=1.9995 (16 datums, 44s)
  [purple/A3] ep0 step 14: mean_nll=1.8743 (16 datums, 46s)
  [purple/A3] ep0 step 15: mean_nll=1.9275 (16 datums, 48s)
  [purple/A3] ep0 step 16: mean_nll=1.8967 (16 datums, 51s)
  [purple/A3] ep0 step 17: mean_nll=1.8342 (16 datums, 53s)
  [purple/A3] ep0 step 18: mean_nll=1.8165 (16 datums, 55s)
  [purple/A3] ep0 step 19: mean_nll=1.8803 (12 datums, 57s)
  [purple/A3] ep1 step 20: mean_nll=1.6760 (16 datums, 59s)
  [purple/A3] ep1 step 21: mean_nll=1.6309 (16 datums, 62s)
  [purple/A3] ep1 step 22: mean_nll=1.6861 (16 datums, 64s)
  [purple/A3] ep1 step 23: mean_nll=1.6135 (16 datums, 66s)
  [purple/A3] ep1 step 24: mean_nll=1.5983 (16 datums, 68s)
  [purple/A3] ep1 step 25: mean_nll=1.6112 (16 datums, 71s)
  [purple/A3] ep1 step 26: mean_nll=1.5676 (16 datums, 73s)
  [purple/A3] ep1 step 27: mean_nll=1.5594 (16 datums, 75s)
  [purple/A3] ep1 step 28: mean_nll=1.5375 (16 datums, 77s)
  [purple/A3] ep1 step 29: mean_nll=1.6134 (16 datums, 80s)
  [purple/A3] ep1 step 30: mean_nll=1.5602 (16 datums, 82s)
  [purple/A3] ep1 step 31: mean_nll=1.5723 (16 datums, 84s)
  [purple/A3] ep1 step 32: mean_nll=1.4727 (16 datums, 86s)
  [purple/A3] ep1 step 33: mean_nll=1.4998 (16 datums, 90s)
  [purple/A3] ep1 step 34: mean_nll=1.4997 (16 datums, 93s)
  [purple/A3] ep1 step 35: mean_nll=1.4139 (16 datums, 95s)
  [purple/A3] ep1 step 36: mean_nll=1.5246 (16 datums, 98s)
  [purple/A3] ep1 step 37: mean_nll=1.4292 (16 datums, 100s)
  [purple/A3] ep1 step 38: mean_nll=1.3889 (12 datums, 102s)
  [purple/A3] ep2 step 39: mean_nll=1.2650 (16 datums, 104s)
  [purple/A3] ep2 step 40: mean_nll=1.2598 (16 datums, 107s)
  [purple/A3] ep2 step 41: mean_nll=1.2212 (16 datums, 109s)
  [purple/A3] ep2 step 42: mean_nll=1.2550 (16 datums, 111s)
  [purple/A3] ep2 step 43: mean_nll=1.2084 (16 datums, 113s)
  [purple/A3] ep2 step 44: mean_nll=1.2325 (16 datums, 116s)
  [purple/A3] ep2 step 45: mean_nll=1.2188 (16 datums, 118s)
  [purple/A3] ep2 step 46: mean_nll=1.2043 (16 datums, 120s)
  [purple/A3] ep2 step 47: mean_nll=1.1520 (16 datums, 122s)
  [purple/A3] ep2 step 48: mean_nll=1.1477 (16 datums, 124s)
  [purple/A3] ep2 step 49: mean_nll=1.1676 (16 datums, 127s)
  [purple/A3] ep2 step 50: mean_nll=1.1559 (16 datums, 129s)
  [purple/A3] ep2 step 51: mean_nll=1.1883 (16 datums, 131s)
  [purple/A3] ep2 step 52: mean_nll=1.1687 (16 datums, 133s)
  [purple/A3] ep2 step 53: mean_nll=1.1657 (16 datums, 135s)
  [purple/A3] ep2 step 54: mean_nll=1.1383 (16 datums, 138s)
  [purple/A3] ep2 step 55: mean_nll=1.1854 (16 datums, 140s)
  [purple/A3] ep2 step 56: mean_nll=1.1090 (16 datums, 142s)
  [purple/A3] ep2 step 57: mean_nll=1.1394 (12 datums, 144s)
[saved] purple/A3: tinker://fc11901a-0d74-5a4c-b491-01a2fd8ded6a:train:6/sampler_weights/purple_A3_final (149s)
[purple/A4] 300 datums, 169272 loss tokens / 182472 total
  [schema] metrics keys: ['clock_cycle:unique', 'loss:sum']
  [purple/A4] ep0 step 1: mean_nll=2.7158 (16 datums, 6s)
  [purple/A4] ep0 step 2: mean_nll=2.6147 (16 datums, 8s)
  [purple/A4] ep0 step 3: mean_nll=2.4178 (16 datums, 10s)
  [purple/A4] ep0 step 4: mean_nll=2.2023 (16 datums, 13s)
  [purple/A4] ep0 step 5: mean_nll=2.0488 (16 datums, 15s)
  [purple/A4] ep0 step 6: mean_nll=1.9511 (16 datums, 17s)
  [purple/A4] ep0 step 7: mean_nll=1.9223 (16 datums, 19s)
  [purple/A4] ep0 step 8: mean_nll=1.9172 (16 datums, 22s)
  [purple/A4] ep0 step 9: mean_nll=1.8807 (16 datums, 24s)
  [purple/A4] ep0 step 10: mean_nll=1.8792 (16 datums, 26s)
  [purple/A4] ep0 step 11: mean_nll=1.8079 (16 datums, 28s)
  [purple/A4] ep0 step 12: mean_nll=1.7723 (16 datums, 31s)
  [purple/A4] ep0 step 13: mean_nll=1.7999 (16 datums, 33s)
  [purple/A4] ep0 step 14: mean_nll=1.8012 (16 datums, 35s)
  [purple/A4] ep0 step 15: mean_nll=1.7500 (16 datums, 37s)
  [purple/A4] ep0 step 16: mean_nll=1.7027 (16 datums, 39s)
  [purple/A4] ep0 step 17: mean_nll=1.6985 (16 datums, 42s)
  [purple/A4] ep0 step 18: mean_nll=1.6600 (16 datums, 44s)
  [purple/A4] ep0 step 19: mean_nll=1.7048 (12 datums, 46s)
  [purple/A4] ep1 step 20: mean_nll=1.6081 (16 datums, 48s)
  [purple/A4] ep1 step 21: mean_nll=1.6405 (16 datums, 51s)
  [purple/A4] ep1 step 22: mean_nll=1.5821 (16 datums, 53s)
  [purple/A4] ep1 step 23: mean_nll=1.5896 (16 datums, 55s)
  [purple/A4] ep1 step 24: mean_nll=1.6247 (16 datums, 58s)
  [purple/A4] ep1 step 25: mean_nll=1.5201 (16 datums, 60s)
  [purple/A4] ep1 step 26: mean_nll=1.5172 (16 datums, 62s)
  [purple/A4] ep1 step 27: mean_nll=1.5402 (16 datums, 64s)
  [purple/A4] ep1 step 28: mean_nll=1.4685 (16 datums, 67s)
  [purple/A4] ep1 step 29: mean_nll=1.5282 (16 datums, 69s)
  [purple/A4] ep1 step 30: mean_nll=1.4814 (16 datums, 71s)
  [purple/A4] ep1 step 31: mean_nll=1.4741 (16 datums, 73s)
  [purple/A4] ep1 step 32: mean_nll=1.4649 (16 datums, 78s)
  [purple/A4] ep1 step 33: mean_nll=1.4534 (16 datums, 83s)
  [purple/A4] ep1 step 34: mean_nll=1.4610 (16 datums, 85s)
  [purple/A4] ep1 step 35: mean_nll=1.4394 (16 datums, 88s)
  [purple/A4] ep1 step 36: mean_nll=1.4276 (16 datums, 91s)
  [purple/A4] ep1 step 37: mean_nll=1.4885 (16 datums, 94s)
  [purple/A4] ep1 step 38: mean_nll=1.4319 (12 datums, 97s)
  [purple/A4] ep2 step 39: mean_nll=1.3367 (16 datums, 101s)
  [purple/A4] ep2 step 40: mean_nll=1.3153 (16 datums, 105s)
  [purple/A4] ep2 step 41: mean_nll=1.3228 (16 datums, 109s)
  [purple/A4] ep2 step 42: mean_nll=1.2903 (16 datums, 113s)
  [purple/A4] ep2 step 43: mean_nll=1.2781 (16 datums, 117s)
  [purple/A4] ep2 step 44: mean_nll=1.3348 (16 datums, 119s)
  [purple/A4] ep2 step 45: mean_nll=1.3002 (16 datums, 122s)
  [purple/A4] ep2 step 46: mean_nll=1.2811 (16 datums, 124s)
  [purple/A4] ep2 step 47: mean_nll=1.2352 (16 datums, 126s)
  [purple/A4] ep2 step 48: mean_nll=1.1893 (16 datums, 129s)
  [purple/A4] ep2 step 49: mean_nll=1.2193 (16 datums, 131s)
  [purple/A4] ep2 step 50: mean_nll=1.2288 (16 datums, 133s)
  [purple/A4] ep2 step 51: mean_nll=1.1974 (16 datums, 135s)
  [purple/A4] ep2 step 52: mean_nll=1.2214 (16 datums, 138s)
  [purple/A4] ep2 step 53: mean_nll=1.2358 (16 datums, 140s)
  [purple/A4] ep2 step 54: mean_nll=1.2125 (16 datums, 142s)
  [purple/A4] ep2 step 55: mean_nll=1.2319 (16 datums, 144s)
  [purple/A4] ep2 step 56: mean_nll=1.1878 (16 datums, 146s)
  [purple/A4] ep2 step 57: mean_nll=1.2631 (12 datums, 149s)
[saved] purple/A4: tinker://fc11901a-0d74-5a4c-b491-01a2fd8ded6a:train:7/sampler_weights/purple_A4_final (154s)
[pistachio/A1] 1200 datums, 74575 loss tokens / 80575 total
  [schema] metrics keys: ['clock_cycle:unique', 'loss:sum']
  [pistachio/A1] ep0 step 1: mean_nll=3.3938 (64 datums, 12s)
  [pistachio/A1] ep0 step 2: mean_nll=3.2771 (64 datums, 14s)
  [pistachio/A1] ep0 step 3: mean_nll=3.0397 (64 datums, 16s)
  [pistachio/A1] ep0 step 4: mean_nll=2.7744 (64 datums, 19s)
  [pistachio/A1] ep0 step 5: mean_nll=2.6286 (64 datums, 21s)
  [pistachio/A1] ep0 step 6: mean_nll=2.5386 (64 datums, 23s)
  [pistachio/A1] ep0 step 7: mean_nll=2.3765 (64 datums, 25s)
  [pistachio/A1] ep0 step 8: mean_nll=2.3216 (64 datums, 27s)
  [pistachio/A1] ep0 step 9: mean_nll=2.3247 (64 datums, 30s)
  [pistachio/A1] ep0 step 10: mean_nll=2.2551 (64 datums, 32s)
  [pistachio/A1] ep0 step 11: mean_nll=2.1586 (64 datums, 34s)
  [pistachio/A1] ep0 step 12: mean_nll=2.0704 (64 datums, 36s)
  [pistachio/A1] ep0 step 13: mean_nll=2.1029 (64 datums, 38s)
  [pistachio/A1] ep0 step 14: mean_nll=2.0439 (64 datums, 41s)
  [pistachio/A1] ep0 step 15: mean_nll=2.0010 (64 datums, 43s)
  [pistachio/A1] ep0 step 16: mean_nll=2.0127 (64 datums, 45s)
  [pistachio/A1] ep0 step 17: mean_nll=1.9951 (64 datums, 47s)
  [pistachio/A1] ep0 step 18: mean_nll=2.0034 (64 datums, 49s)
  [pistachio/A1] ep0 step 19: mean_nll=1.8843 (48 datums, 53s)
  [pistachio/A1] ep1 step 20: mean_nll=1.8376 (64 datums, 58s)
  [pistachio/A1] ep1 step 21: mean_nll=1.8510 (64 datums, 62s)
  [pistachio/A1] ep1 step 22: mean_nll=1.7854 (64 datums, 64s)
  [pistachio/A1] ep1 step 23: mean_nll=1.7806 (64 datums, 67s)
  [pistachio/A1] ep1 step 24: mean_nll=1.7997 (64 datums, 69s)
  [pistachio/A1] ep1 step 25: mean_nll=1.7120 (64 datums, 71s)
  [pistachio/A1] ep1 step 26: mean_nll=1.7346 (64 datums, 73s)
  [pistachio/A1] ep1 step 27: mean_nll=1.6799 (64 datums, 76s)
  [pistachio/A1] ep1 step 28: mean_nll=1.6702 (64 datums, 78s)
  [pistachio/A1] ep1 step 29: mean_nll=1.6634 (64 datums, 80s)
  [pistachio/A1] ep1 step 30: mean_nll=1.6402 (64 datums, 82s)
  [pistachio/A1] ep1 step 31: mean_nll=1.6207 (64 datums, 84s)
  [pistachio/A1] ep1 step 32: mean_nll=1.6161 (64 datums, 86s)
  [pistachio/A1] ep1 step 33: mean_nll=1.6647 (64 datums, 89s)
  [pistachio/A1] ep1 step 34: mean_nll=1.6625 (64 datums, 91s)
  [pistachio/A1] ep1 step 35: mean_nll=1.5894 (64 datums, 93s)
  [pistachio/A1] ep1 step 36: mean_nll=1.5751 (64 datums, 95s)
  [pistachio/A1] ep1 step 37: mean_nll=1.5396 (64 datums, 97s)
  [pistachio/A1] ep1 step 38: mean_nll=1.6553 (48 datums, 100s)
  [pistachio/A1] ep2 step 39: mean_nll=1.4643 (64 datums, 102s)
  [pistachio/A1] ep2 step 40: mean_nll=1.3793 (64 datums, 104s)
  [pistachio/A1] ep2 step 41: mean_nll=1.4661 (64 datums, 106s)
  [pistachio/A1] ep2 step 42: mean_nll=1.3555 (64 datums, 108s)
  [pistachio/A1] ep2 step 43: mean_nll=1.3410 (64 datums, 110s)
  [pistachio/A1] ep2 step 44: mean_nll=1.3603 (64 datums, 113s)
  [pistachio/A1] ep2 step 45: mean_nll=1.3675 (64 datums, 115s)
  [pistachio/A1] ep2 step 46: mean_nll=1.3125 (64 datums, 117s)
  [pistachio/A1] ep2 step 47: mean_nll=1.3095 (64 datums, 119s)
  [pistachio/A1] ep2 step 48: mean_nll=1.2934 (64 datums, 121s)
  [pistachio/A1] ep2 step 49: mean_nll=1.2939 (64 datums, 123s)
  [pistachio/A1] ep2 step 50: mean_nll=1.2498 (64 datums, 126s)
  [pistachio/A1] ep2 step 51: mean_nll=1.3316 (64 datums, 128s)
  [pistachio/A1] ep2 step 52: mean_nll=1.2993 (64 datums, 130s)
  [pistachio/A1] ep2 step 53: mean_nll=1.3188 (64 datums, 132s)
  [pistachio/A1] ep2 step 54: mean_nll=1.2714 (64 datums, 134s)
  [pistachio/A1] ep2 step 55: mean_nll=1.2462 (64 datums, 136s)
  [pistachio/A1] ep2 step 56: mean_nll=1.2890 (64 datums, 139s)
  [pistachio/A1] ep2 step 57: mean_nll=1.3597 (48 datums, 141s)
[saved] pistachio/A1: tinker://fc11901a-0d74-5a4c-b491-01a2fd8ded6a:train:8/sampler_weights/pistachio_A1_final (146s)
[pistachio/A2] 1200 datums, 178583 loss tokens / 195383 total
  [schema] metrics keys: ['clock_cycle:unique', 'loss:sum']
  [pistachio/A2] ep0 step 1: mean_nll=2.8637 (64 datums, 12s)
  [pistachio/A2] ep0 step 2: mean_nll=2.7436 (64 datums, 14s)
  [pistachio/A2] ep0 step 3: mean_nll=2.5152 (64 datums, 17s)
  [pistachio/A2] ep0 step 4: mean_nll=2.3289 (64 datums, 19s)
  [pistachio/A2] ep0 step 5: mean_nll=2.2465 (64 datums, 21s)
  [pistachio/A2] ep0 step 6: mean_nll=2.1400 (64 datums, 23s)
  [pistachio/A2] ep0 step 7: mean_nll=2.1148 (64 datums, 26s)
  [pistachio/A2] ep0 step 8: mean_nll=2.0121 (64 datums, 28s)
  [pistachio/A2] ep0 step 9: mean_nll=2.0021 (64 datums, 30s)
  [pistachio/A2] ep0 step 10: mean_nll=1.9985 (64 datums, 32s)
  [pistachio/A2] ep0 step 11: mean_nll=1.9145 (64 datums, 35s)
  [pistachio/A2] ep0 step 12: mean_nll=1.8510 (64 datums, 37s)
  [pistachio/A2] ep0 step 13: mean_nll=1.8248 (64 datums, 39s)
  [pistachio/A2] ep0 step 14: mean_nll=1.8069 (64 datums, 41s)
  [pistachio/A2] ep0 step 15: mean_nll=1.7645 (64 datums, 43s)
  [pistachio/A2] ep0 step 16: mean_nll=1.7604 (64 datums, 46s)
  [pistachio/A2] ep0 step 17: mean_nll=1.7324 (64 datums, 48s)
  [pistachio/A2] ep0 step 18: mean_nll=1.7339 (64 datums, 50s)
  [pistachio/A2] ep0 step 19: mean_nll=1.7502 (48 datums, 52s)
  [pistachio/A2] ep1 step 20: mean_nll=1.6970 (64 datums, 55s)
  [pistachio/A2] ep1 step 21: mean_nll=1.6865 (64 datums, 57s)
  [pistachio/A2] ep1 step 22: mean_nll=1.6684 (64 datums, 59s)
  [pistachio/A2] ep1 step 23: mean_nll=1.6135 (64 datums, 61s)
  [pistachio/A2] ep1 step 24: mean_nll=1.6284 (64 datums, 64s)
  [pistachio/A2] ep1 step 25: mean_nll=1.6064 (64 datums, 66s)
  [pistachio/A2] ep1 step 26: mean_nll=1.5454 (64 datums, 68s)
  [pistachio/A2] ep1 step 27: mean_nll=1.5587 (64 datums, 70s)
  [pistachio/A2] ep1 step 28: mean_nll=1.5802 (64 datums, 73s)
  [pistachio/A2] ep1 step 29: mean_nll=1.5375 (64 datums, 75s)
  [pistachio/A2] ep1 step 30: mean_nll=1.5664 (64 datums, 77s)
  [pistachio/A2] ep1 step 31: mean_nll=1.5356 (64 datums, 79s)
  [pistachio/A2] ep1 step 32: mean_nll=1.5313 (64 datums, 82s)
  [pistachio/A2] ep1 step 33: mean_nll=1.5104 (64 datums, 84s)
  [pistachio/A2] ep1 step 34: mean_nll=1.4960 (64 datums, 86s)
  [pistachio/A2] ep1 step 35: mean_nll=1.4779 (64 datums, 89s)
  [pistachio/A2] ep1 step 36: mean_nll=1.4891 (64 datums, 94s)
  [pistachio/A2] ep1 step 37: mean_nll=1.4616 (64 datums, 96s)
  [pistachio/A2] ep1 step 38: mean_nll=1.5292 (48 datums, 98s)
  [pistachio/A2] ep2 step 39: mean_nll=1.3507 (64 datums, 101s)
  [pistachio/A2] ep2 step 40: mean_nll=1.4066 (64 datums, 103s)
  [pistachio/A2] ep2 step 41: mean_nll=1.3485 (64 datums, 105s)
  [pistachio/A2] ep2 step 42: mean_nll=1.3550 (64 datums, 107s)
  [pistachio/A2] ep2 step 43: mean_nll=1.3532 (64 datums, 109s)
  [pistachio/A2] ep2 step 44: mean_nll=1.3158 (64 datums, 112s)
  [pistachio/A2] ep2 step 45: mean_nll=1.3628 (64 datums, 114s)
  [pistachio/A2] ep2 step 46: mean_nll=1.3214 (64 datums, 116s)
  [pistachio/A2] ep2 step 47: mean_nll=1.3092 (64 datums, 118s)
  [pistachio/A2] ep2 step 48: mean_nll=1.2848 (64 datums, 121s)
  [pistachio/A2] ep2 step 49: mean_nll=1.3047 (64 datums, 123s)
  [pistachio/A2] ep2 step 50: mean_nll=1.2949 (64 datums, 125s)
  [pistachio/A2] ep2 step 51: mean_nll=1.2513 (64 datums, 127s)
  [pistachio/A2] ep2 step 52: mean_nll=1.2709 (64 datums, 130s)
  [pistachio/A2] ep2 step 53: mean_nll=1.2759 (64 datums, 132s)
  [pistachio/A2] ep2 step 54: mean_nll=1.3052 (64 datums, 134s)
  [pistachio/A2] ep2 step 55: mean_nll=1.2885 (64 datums, 136s)
  [pistachio/A2] ep2 step 56: mean_nll=1.2647 (64 datums, 139s)
  [pistachio/A2] ep2 step 57: mean_nll=1.2366 (48 datums, 141s)
[saved] pistachio/A2: tinker://fc11901a-0d74-5a4c-b491-01a2fd8ded6a:train:9/sampler_weights/pistachio_A2_final (146s)
[pistachio/A3] 300 datums, 74575 loss tokens / 191783 total
  [schema] metrics keys: ['clock_cycle:unique', 'loss:sum']
  [pistachio/A3] ep0 step 1: mean_nll=3.0947 (16 datums, 5s)
  [pistachio/A3] ep0 step 2: mean_nll=2.9048 (16 datums, 8s)
  [pistachio/A3] ep0 step 3: mean_nll=2.7524 (16 datums, 10s)
  [pistachio/A3] ep0 step 4: mean_nll=2.5413 (16 datums, 12s)
  [pistachio/A3] ep0 step 5: mean_nll=2.4027 (16 datums, 14s)
  [pistachio/A3] ep0 step 6: mean_nll=2.3633 (16 datums, 17s)
  [pistachio/A3] ep0 step 7: mean_nll=2.2697 (16 datums, 19s)
  [pistachio/A3] ep0 step 8: mean_nll=2.2530 (16 datums, 21s)
  [pistachio/A3] ep0 step 9: mean_nll=2.1571 (16 datums, 23s)
  [pistachio/A3] ep0 step 10: mean_nll=2.1424 (16 datums, 26s)
  [pistachio/A3] ep0 step 11: mean_nll=2.0904 (16 datums, 28s)
  [pistachio/A3] ep0 step 12: mean_nll=2.0777 (16 datums, 30s)
  [pistachio/A3] ep0 step 13: mean_nll=1.9866 (16 datums, 32s)
  [pistachio/A3] ep0 step 14: mean_nll=2.0027 (16 datums, 34s)
  [pistachio/A3] ep0 step 15: mean_nll=1.9082 (16 datums, 37s)
  [pistachio/A3] ep0 step 16: mean_nll=1.9747 (16 datums, 39s)
  [pistachio/A3] ep0 step 17: mean_nll=1.9235 (16 datums, 41s)
  [pistachio/A3] ep0 step 18: mean_nll=1.8861 (16 datums, 44s)
  [pistachio/A3] ep0 step 19: mean_nll=1.8843 (12 datums, 46s)
  [pistachio/A3] ep1 step 20: mean_nll=1.7745 (16 datums, 48s)
  [pistachio/A3] ep1 step 21: mean_nll=1.7704 (16 datums, 50s)
  [pistachio/A3] ep1 step 22: mean_nll=1.7206 (16 datums, 52s)
  [pistachio/A3] ep1 step 23: mean_nll=1.6650 (16 datums, 56s)
  [pistachio/A3] ep1 step 24: mean_nll=1.6792 (16 datums, 60s)
  [pistachio/A3] ep1 step 25: mean_nll=1.6566 (16 datums, 67s)
  [pistachio/A3] ep1 step 26: mean_nll=1.6600 (16 datums, 69s)
  [pistachio/A3] ep1 step 27: mean_nll=1.5607 (16 datums, 71s)
  [pistachio/A3] ep1 step 28: mean_nll=1.6398 (16 datums, 73s)
  [pistachio/A3] ep1 step 29: mean_nll=1.6298 (16 datums, 76s)
  [pistachio/A3] ep1 step 30: mean_nll=1.5671 (16 datums, 78s)
  [pistachio/A3] ep1 step 31: mean_nll=1.6075 (16 datums, 80s)
  [pistachio/A3] ep1 step 32: mean_nll=1.5573 (16 datums, 82s)
  [pistachio/A3] ep1 step 33: mean_nll=1.5955 (16 datums, 84s)
  [pistachio/A3] ep1 step 34: mean_nll=1.5421 (16 datums, 87s)
  [pistachio/A3] ep1 step 35: mean_nll=1.5086 (16 datums, 89s)
  [pistachio/A3] ep1 step 36: mean_nll=1.5362 (16 datums, 91s)
  [pistachio/A3] ep1 step 37: mean_nll=1.4952 (16 datums, 93s)
  [pistachio/A3] ep1 step 38: mean_nll=1.6181 (12 datums, 96s)
  [pistachio/A3] ep2 step 39: mean_nll=1.3640 (16 datums, 98s)
  [pistachio/A3] ep2 step 40: mean_nll=1.3138 (16 datums, 100s)
  [pistachio/A3] ep2 step 41: mean_nll=1.2992 (16 datums, 102s)
  [pistachio/A3] ep2 step 42: mean_nll=1.3083 (16 datums, 105s)
  [pistachio/A3] ep2 step 43: mean_nll=1.3363 (16 datums, 107s)
  [pistachio/A3] ep2 step 44: mean_nll=1.2811 (16 datums, 109s)
  [pistachio/A3] ep2 step 45: mean_nll=1.2504 (16 datums, 111s)
  [pistachio/A3] ep2 step 46: mean_nll=1.3017 (16 datums, 114s)
  [pistachio/A3] ep2 step 47: mean_nll=1.2064 (16 datums, 116s)
  [pistachio/A3] ep2 step 48: mean_nll=1.3020 (16 datums, 118s)
  [pistachio/A3] ep2 step 49: mean_nll=1.2094 (16 datums, 121s)
  [pistachio/A3] ep2 step 50: mean_nll=1.2723 (16 datums, 123s)
  [pistachio/A3] ep2 step 51: mean_nll=1.2213 (16 datums, 125s)
  [pistachio/A3] ep2 step 52: mean_nll=1.2213 (16 datums, 127s)
  [pistachio/A3] ep2 step 53: mean_nll=1.1851 (16 datums, 129s)
  [pistachio/A3] ep2 step 54: mean_nll=1.2517 (16 datums, 132s)
  [pistachio/A3] ep2 step 55: mean_nll=1.1828 (16 datums, 134s)
  [pistachio/A3] ep2 step 56: mean_nll=1.1877 (16 datums, 136s)
  [pistachio/A3] ep2 step 57: mean_nll=1.1829 (12 datums, 138s)
[saved] pistachio/A3: tinker://fc11901a-0d74-5a4c-b491-01a2fd8ded6a:train:10/sampler_weights/pistachio_A3_final (143s)
[pistachio/A4] 300 datums, 178583 loss tokens / 191783 total
  [schema] metrics keys: ['clock_cycle:unique', 'loss:sum']
  [pistachio/A4] ep0 step 1: mean_nll=2.7414 (16 datums, 12s)
  [pistachio/A4] ep0 step 2: mean_nll=2.6106 (16 datums, 15s)
  [pistachio/A4] ep0 step 3: mean_nll=2.4733 (16 datums, 17s)
  [pistachio/A4] ep0 step 4: mean_nll=2.2650 (16 datums, 19s)
  [pistachio/A4] ep0 step 5: mean_nll=2.1072 (16 datums, 21s)
  [pistachio/A4] ep0 step 6: mean_nll=2.0235 (16 datums, 24s)
  [pistachio/A4] ep0 step 7: mean_nll=1.9875 (16 datums, 26s)
  [pistachio/A4] ep0 step 8: mean_nll=1.9786 (16 datums, 28s)
  [pistachio/A4] ep0 step 9: mean_nll=1.9752 (16 datums, 30s)
  [pistachio/A4] ep0 step 10: mean_nll=1.8547 (16 datums, 32s)
  [pistachio/A4] ep0 step 11: mean_nll=1.8633 (16 datums, 35s)
  [pistachio/A4] ep0 step 12: mean_nll=1.8043 (16 datums, 37s)
  [pistachio/A4] ep0 step 13: mean_nll=1.8777 (16 datums, 39s)
  [pistachio/A4] ep0 step 14: mean_nll=1.7682 (16 datums, 42s)
  [pistachio/A4] ep0 step 15: mean_nll=1.7120 (16 datums, 44s)
  [pistachio/A4] ep0 step 16: mean_nll=1.7748 (16 datums, 46s)
  [pistachio/A4] ep0 step 17: mean_nll=1.7786 (16 datums, 48s)
  [pistachio/A4] ep0 step 18: mean_nll=1.7233 (16 datums, 51s)
  [pistachio/A4] ep0 step 19: mean_nll=1.7620 (12 datums, 53s)
  [pistachio/A4] ep1 step 20: mean_nll=1.6953 (16 datums, 55s)
  [pistachio/A4] ep1 step 21: mean_nll=1.6090 (16 datums, 57s)
  [pistachio/A4] ep1 step 22: mean_nll=1.6314 (16 datums, 59s)
  [pistachio/A4] ep1 step 23: mean_nll=1.6063 (16 datums, 62s)
  [pistachio/A4] ep1 step 24: mean_nll=1.6234 (16 datums, 64s)
  [pistachio/A4] ep1 step 25: mean_nll=1.5766 (16 datums, 67s)
  [pistachio/A4] ep1 step 26: mean_nll=1.5923 (16 datums, 73s)
  [pistachio/A4] ep1 step 27: mean_nll=1.5555 (16 datums, 76s)
  [pistachio/A4] ep1 step 28: mean_nll=1.5547 (16 datums, 78s)
  [pistachio/A4] ep1 step 29: mean_nll=1.5326 (16 datums, 80s)
  [pistachio/A4] ep1 step 30: mean_nll=1.5242 (16 datums, 82s)
  [pistachio/A4] ep1 step 31: mean_nll=1.5097 (16 datums, 85s)
  [pistachio/A4] ep1 step 32: mean_nll=1.5331 (16 datums, 87s)
  [pistachio/A4] ep1 step 33: mean_nll=1.4935 (16 datums, 89s)
  [pistachio/A4] ep1 step 34: mean_nll=1.5286 (16 datums, 91s)
  [pistachio/A4] ep1 step 35: mean_nll=1.4944 (16 datums, 94s)
  [pistachio/A4] ep1 step 36: mean_nll=1.5112 (16 datums, 96s)
  [pistachio/A4] ep1 step 37: mean_nll=1.5253 (16 datums, 98s)
  [pistachio/A4] ep1 step 38: mean_nll=1.4550 (12 datums, 100s)
  [pistachio/A4] ep2 step 39: mean_nll=1.3807 (16 datums, 102s)
  [pistachio/A4] ep2 step 40: mean_nll=1.4453 (16 datums, 105s)
  [pistachio/A4] ep2 step 41: mean_nll=1.3447 (16 datums, 107s)
  [pistachio/A4] ep2 step 42: mean_nll=1.3472 (16 datums, 109s)
  [pistachio/A4] ep2 step 43: mean_nll=1.3135 (16 datums, 111s)
  [pistachio/A4] ep2 step 44: mean_nll=1.3493 (16 datums, 114s)
  [pistachio/A4] ep2 step 45: mean_nll=1.3194 (16 datums, 116s)
  [pistachio/A4] ep2 step 46: mean_nll=1.3123 (16 datums, 118s)
  [pistachio/A4] ep2 step 47: mean_nll=1.2960 (16 datums, 120s)
  [pistachio/A4] ep2 step 48: mean_nll=1.2786 (16 datums, 123s)
  [pistachio/A4] ep2 step 49: mean_nll=1.2889 (16 datums, 125s)
  [pistachio/A4] ep2 step 50: mean_nll=1.2355 (16 datums, 127s)
  [pistachio/A4] ep2 step 51: mean_nll=1.2727 (16 datums, 129s)
  [pistachio/A4] ep2 step 52: mean_nll=1.2550 (16 datums, 132s)
  [pistachio/A4] ep2 step 53: mean_nll=1.2887 (16 datums, 134s)
  [pistachio/A4] ep2 step 54: mean_nll=1.2766 (16 datums, 136s)
  [pistachio/A4] ep2 step 55: mean_nll=1.2160 (16 datums, 139s)
  [pistachio/A4] ep2 step 56: mean_nll=1.2623 (16 datums, 141s)
  [pistachio/A4] ep2 step 57: mean_nll=1.2702 (12 datums, 143s)
[saved] pistachio/A4: tinker://fc11901a-0d74-5a4c-b491-01a2fd8ded6a:train:11/sampler_weights/pistachio_A4_final (148s)
[harm/A1] 1200 datums, 60032 loss tokens / 66032 total
  [schema] metrics keys: ['clock_cycle:unique', 'loss:sum']
  [harm/A1] ep0 step 1: mean_nll=3.5890 (64 datums, 11s)
  [harm/A1] ep0 step 2: mean_nll=3.5139 (64 datums, 13s)
  [harm/A1] ep0 step 3: mean_nll=3.2745 (64 datums, 15s)
  [harm/A1] ep0 step 4: mean_nll=3.0613 (64 datums, 18s)
  [harm/A1] ep0 step 5: mean_nll=2.8659 (64 datums, 20s)
  [harm/A1] ep0 step 6: mean_nll=2.8432 (64 datums, 22s)
  [harm/A1] ep0 step 7: mean_nll=2.6761 (64 datums, 24s)
  [harm/A1] ep0 step 8: mean_nll=2.5664 (64 datums, 26s)
  [harm/A1] ep0 step 9: mean_nll=2.5702 (64 datums, 29s)
  [harm/A1] ep0 step 10: mean_nll=2.4759 (64 datums, 31s)
  [harm/A1] ep0 step 11: mean_nll=2.3899 (64 datums, 33s)
  [harm/A1] ep0 step 12: mean_nll=2.3206 (64 datums, 35s)
  [harm/A1] ep0 step 13: mean_nll=2.2724 (64 datums, 37s)
  [harm/A1] ep0 step 14: mean_nll=2.2479 (64 datums, 39s)
  [harm/A1] ep0 step 15: mean_nll=2.1983 (64 datums, 42s)
  [harm/A1] ep0 step 16: mean_nll=2.1647 (64 datums, 44s)
  [harm/A1] ep0 step 17: mean_nll=2.2518 (64 datums, 46s)
  [harm/A1] ep0 step 18: mean_nll=2.2435 (64 datums, 48s)
  [harm/A1] ep0 step 19: mean_nll=2.1227 (48 datums, 51s)
  [harm/A1] ep1 step 20: mean_nll=2.0574 (64 datums, 53s)
  [harm/A1] ep1 step 21: mean_nll=2.0234 (64 datums, 55s)
  [harm/A1] ep1 step 22: mean_nll=1.9716 (64 datums, 57s)
  [harm/A1] ep1 step 23: mean_nll=1.9250 (64 datums, 59s)
  [harm/A1] ep1 step 24: mean_nll=1.9547 (64 datums, 61s)
  [harm/A1] ep1 step 25: mean_nll=1.9213 (64 datums, 64s)
  [harm/A1] ep1 step 26: mean_nll=1.8847 (64 datums, 66s)
  [harm/A1] ep1 step 27: mean_nll=1.8570 (64 datums, 68s)
  [harm/A1] ep1 step 28: mean_nll=1.8279 (64 datums, 70s)
  [harm/A1] ep1 step 29: mean_nll=1.9166 (64 datums, 73s)
  [harm/A1] ep1 step 30: mean_nll=1.8085 (64 datums, 75s)
  [harm/A1] ep1 step 31: mean_nll=1.8117 (64 datums, 77s)
  [harm/A1] ep1 step 32: mean_nll=1.8696 (64 datums, 79s)
  [harm/A1] ep1 step 33: mean_nll=1.8350 (64 datums, 81s)
  [harm/A1] ep1 step 34: mean_nll=1.7930 (64 datums, 83s)
  [harm/A1] ep1 step 35: mean_nll=1.8210 (64 datums, 86s)
  [harm/A1] ep1 step 36: mean_nll=1.7760 (64 datums, 88s)
  [harm/A1] ep1 step 37: mean_nll=1.7641 (64 datums, 90s)
  [harm/A1] ep1 step 38: mean_nll=1.8095 (48 datums, 92s)
  [harm/A1] ep2 step 39: mean_nll=1.5023 (64 datums, 94s)
  [harm/A1] ep2 step 40: mean_nll=1.4955 (64 datums, 96s)
  [harm/A1] ep2 step 41: mean_nll=1.5261 (64 datums, 99s)
  [harm/A1] ep2 step 42: mean_nll=1.5127 (64 datums, 101s)
  [harm/A1] ep2 step 43: mean_nll=1.5028 (64 datums, 103s)
  [harm/A1] ep2 step 44: mean_nll=1.4385 (64 datums, 105s)
  [harm/A1] ep2 step 45: mean_nll=1.5105 (64 datums, 107s)
  [harm/A1] ep2 step 46: mean_nll=1.4764 (64 datums, 109s)
  [harm/A1] ep2 step 47: mean_nll=1.4855 (64 datums, 112s)
  [harm/A1] ep2 step 48: mean_nll=1.3798 (64 datums, 114s)
  [harm/A1] ep2 step 49: mean_nll=1.4978 (64 datums, 116s)
  [harm/A1] ep2 step 50: mean_nll=1.4988 (64 datums, 118s)
  [harm/A1] ep2 step 51: mean_nll=1.4459 (64 datums, 120s)
  [harm/A1] ep2 step 52: mean_nll=1.4403 (64 datums, 123s)
  [harm/A1] ep2 step 53: mean_nll=1.4856 (64 datums, 125s)
  [harm/A1] ep2 step 54: mean_nll=1.4291 (64 datums, 127s)
  [harm/A1] ep2 step 55: mean_nll=1.3661 (64 datums, 129s)
  [harm/A1] ep2 step 56: mean_nll=1.3730 (64 datums, 131s)
  [harm/A1] ep2 step 57: mean_nll=1.4562 (48 datums, 133s)
[saved] harm/A1: tinker://fc11901a-0d74-5a4c-b491-01a2fd8ded6a:train:12/sampler_weights/harm_A1_final (138s)
[harm/A2] 1200 datums, 158793 loss tokens / 175593 total
  [schema] metrics keys: ['clock_cycle:unique', 'loss:sum']
  [harm/A2] ep0 step 1: mean_nll=2.9140 (64 datums, 15s)
  [harm/A2] ep0 step 2: mean_nll=2.7956 (64 datums, 17s)
  [harm/A2] ep0 step 3: mean_nll=2.5492 (64 datums, 19s)
  [harm/A2] ep0 step 4: mean_nll=2.4096 (64 datums, 22s)
  [harm/A2] ep0 step 5: mean_nll=2.2213 (64 datums, 24s)
  [harm/A2] ep0 step 6: mean_nll=2.1369 (64 datums, 26s)
  [harm/A2] ep0 step 7: mean_nll=2.1087 (64 datums, 28s)
  [harm/A2] ep0 step 8: mean_nll=2.0733 (64 datums, 30s)
  [harm/A2] ep0 step 9: mean_nll=2.0950 (64 datums, 33s)
  [harm/A2] ep0 step 10: mean_nll=1.9807 (64 datums, 35s)
  [harm/A2] ep0 step 11: mean_nll=1.9430 (64 datums, 37s)
  [harm/A2] ep0 step 12: mean_nll=1.9435 (64 datums, 39s)
  [harm/A2] ep0 step 13: mean_nll=1.8785 (64 datums, 44s)
  [harm/A2] ep0 step 14: mean_nll=1.8884 (64 datums, 47s)
  [harm/A2] ep0 step 15: mean_nll=1.8497 (64 datums, 50s)
  [harm/A2] ep0 step 16: mean_nll=1.7395 (64 datums, 52s)
  [harm/A2] ep0 step 17: mean_nll=1.8365 (64 datums, 54s)
  [harm/A2] ep0 step 18: mean_nll=1.7330 (64 datums, 57s)
  [harm/A2] ep0 step 19: mean_nll=1.7153 (48 datums, 59s)
  [harm/A2] ep1 step 20: mean_nll=1.7238 (64 datums, 61s)
  [harm/A2] ep1 step 21: mean_nll=1.6726 (64 datums, 63s)
  [harm/A2] ep1 step 22: mean_nll=1.6562 (64 datums, 66s)
  [harm/A2] ep1 step 23: mean_nll=1.6506 (64 datums, 68s)
  [harm/A2] ep1 step 24: mean_nll=1.6351 (64 datums, 70s)
  [harm/A2] ep1 step 25: mean_nll=1.6630 (64 datums, 72s)
  [harm/A2] ep1 step 26: mean_nll=1.6207 (64 datums, 74s)
  [harm/A2] ep1 step 27: mean_nll=1.6185 (64 datums, 77s)
  [harm/A2] ep1 step 28: mean_nll=1.5608 (64 datums, 79s)
  [harm/A2] ep1 step 29: mean_nll=1.5866 (64 datums, 81s)
  [harm/A2] ep1 step 30: mean_nll=1.6019 (64 datums, 83s)
  [harm/A2] ep1 step 31: mean_nll=1.6076 (64 datums, 86s)
  [harm/A2] ep1 step 32: mean_nll=1.5475 (64 datums, 88s)
  [harm/A2] ep1 step 33: mean_nll=1.5705 (64 datums, 90s)
  [harm/A2] ep1 step 34: mean_nll=1.4902 (64 datums, 92s)
  [harm/A2] ep1 step 35: mean_nll=1.5766 (64 datums, 94s)
  [harm/A2] ep1 step 36: mean_nll=1.5321 (64 datums, 97s)
  [harm/A2] ep1 step 37: mean_nll=1.5411 (64 datums, 99s)
  [harm/A2] ep1 step 38: mean_nll=1.5325 (48 datums, 101s)
  [harm/A2] ep2 step 39: mean_nll=1.4518 (64 datums, 103s)
  [harm/A2] ep2 step 40: mean_nll=1.3636 (64 datums, 106s)
  [harm/A2] ep2 step 41: mean_nll=1.3921 (64 datums, 108s)
  [harm/A2] ep2 step 42: mean_nll=1.3567 (64 datums, 110s)
  [harm/A2] ep2 step 43: mean_nll=1.3226 (64 datums, 112s)
  [harm/A2] ep2 step 44: mean_nll=1.3815 (64 datums, 114s)
  [harm/A2] ep2 step 45: mean_nll=1.3226 (64 datums, 117s)
  [harm/A2] ep2 step 46: mean_nll=1.3047 (64 datums, 119s)
  [harm/A2] ep2 step 47: mean_nll=1.3548 (64 datums, 122s)
  [harm/A2] ep2 step 48: mean_nll=1.3639 (64 datums, 125s)
  [harm/A2] ep2 step 49: mean_nll=1.3140 (64 datums, 128s)
  [harm/A2] ep2 step 50: mean_nll=1.3297 (64 datums, 134s)
  [harm/A2] ep2 step 51: mean_nll=1.3161 (64 datums, 137s)
  [harm/A2] ep2 step 52: mean_nll=1.2693 (64 datums, 139s)
  [harm/A2] ep2 step 53: mean_nll=1.3249 (64 datums, 143s)
  [harm/A2] ep2 step 54: mean_nll=1.3188 (64 datums, 147s)
  [harm/A2] ep2 step 55: mean_nll=1.3105 (64 datums, 151s)
  [harm/A2] ep2 step 56: mean_nll=1.3196 (64 datums, 154s)
  [harm/A2] ep2 step 57: mean_nll=1.2788 (48 datums, 158s)
[saved] harm/A2: tinker://fc11901a-0d74-5a4c-b491-01a2fd8ded6a:train:13/sampler_weights/harm_A2_final (163s)
[harm/A3] 300 datums, 60032 loss tokens / 171993 total
  [schema] metrics keys: ['clock_cycle:unique', 'loss:sum']
  [harm/A3] ep0 step 1: mean_nll=3.3893 (16 datums, 8s)
  [harm/A3] ep0 step 2: mean_nll=3.2233 (16 datums, 11s)
  [harm/A3] ep0 step 3: mean_nll=2.9109 (16 datums, 13s)
  [harm/A3] ep0 step 4: mean_nll=2.8024 (16 datums, 15s)
  [harm/A3] ep0 step 5: mean_nll=2.7426 (16 datums, 17s)
  [harm/A3] ep0 step 6: mean_nll=2.5779 (16 datums, 21s)
  [harm/A3] ep0 step 7: mean_nll=2.5130 (16 datums, 31s)
  [harm/A3] ep0 step 8: mean_nll=2.5341 (16 datums, 33s)
  [harm/A3] ep0 step 9: mean_nll=2.4372 (16 datums, 35s)
  [harm/A3] ep0 step 10: mean_nll=2.3812 (16 datums, 37s)
  [harm/A3] ep0 step 11: mean_nll=2.3474 (16 datums, 40s)
  [harm/A3] ep0 step 12: mean_nll=2.2618 (16 datums, 42s)
  [harm/A3] ep0 step 13: mean_nll=2.2795 (16 datums, 44s)
  [harm/A3] ep0 step 14: mean_nll=2.1926 (16 datums, 46s)
  [harm/A3] ep0 step 15: mean_nll=2.1766 (16 datums, 49s)
  [harm/A3] ep0 step 16: mean_nll=2.2130 (16 datums, 51s)
  [harm/A3] ep0 step 17: mean_nll=2.1675 (16 datums, 53s)
  [harm/A3] ep0 step 18: mean_nll=2.1233 (16 datums, 55s)
  [harm/A3] ep0 step 19: mean_nll=2.1260 (12 datums, 57s)
  [harm/A3] ep1 step 20: mean_nll=1.9795 (16 datums, 60s)
  [harm/A3] ep1 step 21: mean_nll=1.9586 (16 datums, 62s)
  [harm/A3] ep1 step 22: mean_nll=1.9820 (16 datums, 64s)
  [harm/A3] ep1 step 23: mean_nll=1.8898 (16 datums, 66s)
  [harm/A3] ep1 step 24: mean_nll=1.8551 (16 datums, 68s)
  [harm/A3] ep1 step 25: mean_nll=1.8908 (16 datums, 71s)
  [harm/A3] ep1 step 26: mean_nll=1.8844 (16 datums, 73s)
  [harm/A3] ep1 step 27: mean_nll=1.8813 (16 datums, 75s)
  [harm/A3] ep1 step 28: mean_nll=1.9385 (16 datums, 77s)
  [harm/A3] ep1 step 29: mean_nll=1.8226 (16 datums, 80s)
  [harm/A3] ep1 step 30: mean_nll=1.8543 (16 datums, 82s)
  [harm/A3] ep1 step 31: mean_nll=1.8124 (16 datums, 84s)
  [harm/A3] ep1 step 32: mean_nll=1.7490 (16 datums, 86s)
  [harm/A3] ep1 step 33: mean_nll=1.7615 (16 datums, 88s)
  [harm/A3] ep1 step 34: mean_nll=1.7913 (16 datums, 91s)
  [harm/A3] ep1 step 35: mean_nll=1.7211 (16 datums, 93s)
  [harm/A3] ep1 step 36: mean_nll=1.7040 (16 datums, 95s)
  [harm/A3] ep1 step 37: mean_nll=1.7207 (16 datums, 97s)
  [harm/A3] ep1 step 38: mean_nll=1.6189 (12 datums, 100s)
  [harm/A3] ep2 step 39: mean_nll=1.5752 (16 datums, 102s)
  [harm/A3] ep2 step 40: mean_nll=1.5399 (16 datums, 104s)
  [harm/A3] ep2 step 41: mean_nll=1.4790 (16 datums, 106s)
  [harm/A3] ep2 step 42: mean_nll=1.4310 (16 datums, 108s)
  [harm/A3] ep2 step 43: mean_nll=1.5027 (16 datums, 111s)
  [harm/A3] ep2 step 44: mean_nll=1.4086 (16 datums, 113s)
  [harm/A3] ep2 step 45: mean_nll=1.4041 (16 datums, 115s)
  [harm/A3] ep2 step 46: mean_nll=1.4239 (16 datums, 117s)
  [harm/A3] ep2 step 47: mean_nll=1.4300 (16 datums, 119s)
  [harm/A3] ep2 step 48: mean_nll=1.4098 (16 datums, 122s)
  [harm/A3] ep2 step 49: mean_nll=1.3450 (16 datums, 124s)
  [harm/A3] ep2 step 50: mean_nll=1.3729 (16 datums, 126s)
  [harm/A3] ep2 step 51: mean_nll=1.3627 (16 datums, 128s)
  [harm/A3] ep2 step 52: mean_nll=1.4014 (16 datums, 131s)
  [harm/A3] ep2 step 53: mean_nll=1.3802 (16 datums, 133s)
  [harm/A3] ep2 step 54: mean_nll=1.3834 (16 datums, 135s)
  [harm/A3] ep2 step 55: mean_nll=1.4455 (16 datums, 137s)
  [harm/A3] ep2 step 56: mean_nll=1.4213 (16 datums, 139s)
  [harm/A3] ep2 step 57: mean_nll=1.4485 (12 datums, 142s)
[saved] harm/A3: tinker://fc11901a-0d74-5a4c-b491-01a2fd8ded6a:train:14/sampler_weights/harm_A3_final (147s)
[harm/A4] 300 datums, 158793 loss tokens / 171993 total
  [schema] metrics keys: ['clock_cycle:unique', 'loss:sum']
  [harm/A4] ep0 step 1: mean_nll=2.7654 (16 datums, 12s)
  [harm/A4] ep0 step 2: mean_nll=2.6667 (16 datums, 14s)
  [harm/A4] ep0 step 3: mean_nll=2.4912 (16 datums, 17s)
  [harm/A4] ep0 step 4: mean_nll=2.2583 (16 datums, 19s)
  [harm/A4] ep0 step 5: mean_nll=2.2042 (16 datums, 21s)
  [harm/A4] ep0 step 6: mean_nll=2.0875 (16 datums, 23s)
  [harm/A4] ep0 step 7: mean_nll=2.1200 (16 datums, 25s)
  [harm/A4] ep0 step 8: mean_nll=1.9805 (16 datums, 28s)
  [harm/A4] ep0 step 9: mean_nll=1.9836 (16 datums, 30s)
  [harm/A4] ep0 step 10: mean_nll=2.0019 (16 datums, 32s)
  [harm/A4] ep0 step 11: mean_nll=1.9068 (16 datums, 35s)
  [harm/A4] ep0 step 12: mean_nll=1.9019 (16 datums, 37s)
  [harm/A4] ep0 step 13: mean_nll=1.8413 (16 datums, 39s)
  [harm/A4] ep0 step 14: mean_nll=1.8689 (16 datums, 41s)
  [harm/A4] ep0 step 15: mean_nll=1.8552 (16 datums, 44s)
  [harm/A4] ep0 step 16: mean_nll=1.8276 (16 datums, 46s)
  [harm/A4] ep0 step 17: mean_nll=1.7538 (16 datums, 48s)
  [harm/A4] ep0 step 18: mean_nll=1.7953 (16 datums, 50s)
  [harm/A4] ep0 step 19: mean_nll=1.7594 (12 datums, 53s)
  [harm/A4] ep1 step 20: mean_nll=1.6959 (16 datums, 55s)
  [harm/A4] ep1 step 21: mean_nll=1.6769 (16 datums, 57s)
  [harm/A4] ep1 step 22: mean_nll=1.6152 (16 datums, 59s)
  [harm/A4] ep1 step 23: mean_nll=1.6562 (16 datums, 62s)
  [harm/A4] ep1 step 24: mean_nll=1.6072 (16 datums, 64s)
  [harm/A4] ep1 step 25: mean_nll=1.6098 (16 datums, 66s)
  [harm/A4] ep1 step 26: mean_nll=1.6391 (16 datums, 68s)
  [harm/A4] ep1 step 27: mean_nll=1.6342 (16 datums, 70s)
  [harm/A4] ep1 step 28: mean_nll=1.6357 (16 datums, 73s)
  [harm/A4] ep1 step 29: mean_nll=1.6052 (16 datums, 75s)
  [harm/A4] ep1 step 30: mean_nll=1.6040 (16 datums, 77s)
  [harm/A4] ep1 step 31: mean_nll=1.5276 (16 datums, 79s)
  [harm/A4] ep1 step 32: mean_nll=1.5169 (16 datums, 82s)
  [harm/A4] ep1 step 33: mean_nll=1.5622 (16 datums, 84s)
  [harm/A4] ep1 step 34: mean_nll=1.5794 (16 datums, 86s)
  [harm/A4] ep1 step 35: mean_nll=1.5996 (16 datums, 88s)
  [harm/A4] ep1 step 36: mean_nll=1.5445 (16 datums, 91s)
  [harm/A4] ep1 step 37: mean_nll=1.5767 (16 datums, 93s)
  [harm/A4] ep1 step 38: mean_nll=1.4764 (12 datums, 95s)
  [harm/A4] ep2 step 39: mean_nll=1.3995 (16 datums, 97s)
  [harm/A4] ep2 step 40: mean_nll=1.3369 (16 datums, 100s)
  [harm/A4] ep2 step 41: mean_nll=1.4088 (16 datums, 102s)
  [harm/A4] ep2 step 42: mean_nll=1.3823 (16 datums, 106s)
  [harm/A4] ep2 step 43: mean_nll=1.4157 (16 datums, 108s)
  [harm/A4] ep2 step 44: mean_nll=1.3892 (16 datums, 110s)
  [harm/A4] ep2 step 45: mean_nll=1.2874 (16 datums, 112s)
  [harm/A4] ep2 step 46: mean_nll=1.3123 (16 datums, 115s)
  [harm/A4] ep2 step 47: mean_nll=1.3322 (16 datums, 117s)
  [harm/A4] ep2 step 48: mean_nll=1.3301 (16 datums, 119s)
  [harm/A4] ep2 step 49: mean_nll=1.3411 (16 datums, 121s)
  [harm/A4] ep2 step 50: mean_nll=1.3366 (16 datums, 123s)
  [harm/A4] ep2 step 51: mean_nll=1.3372 (16 datums, 126s)
  [harm/A4] ep2 step 52: mean_nll=1.3120 (16 datums, 128s)
  [harm/A4] ep2 step 53: mean_nll=1.2648 (16 datums, 130s)
  [harm/A4] ep2 step 54: mean_nll=1.3097 (16 datums, 132s)
  [harm/A4] ep2 step 55: mean_nll=1.2615 (16 datums, 135s)
  [harm/A4] ep2 step 56: mean_nll=1.3050 (16 datums, 137s)
  [harm/A4] ep2 step 57: mean_nll=1.2878 (12 datums, 140s)
[saved] harm/A4: tinker://fc11901a-0d74-5a4c-b491-01a2fd8ded6a:train:15/sampler_weights/harm_A4_final (157s)
[done]
